// Jest Snapshot v1, https://goo.gl/fbAQLP

exports[`Security Dashboard default states sets up group-level 1`] = `
<div>
  <div>
    <h2
      class="gl-mb-6"
    >
      Security dashboard
    </h2>
    <div
      class="gl-grid security-charts"
    >
      <section
        class="gl-border-1 gl-border-default gl-border-solid gl-flex gl-flex-col gl-rounded-base"
      >
        <header
          class="gl-p-5"
        >
          <h4
            class="gl-mb-3 gl-mt-0"
            data-testid="title"
          >
            Vulnerabilities over time
          </h4>
          <p
            class="gl-m-0 gl-text-subtle"
            data-testid="help-text"
          >
            June 6th to today
          </p>
          <div
            class="gl-mt-5"
            data-testid="controls"
          >
            <div
              class="btn-group gl-button-group gl-flex"
              role="group"
            >
              <button
                class="btn btn-default btn-md gl-button selected"
                type="button"
              >
                <span
                  class="gl-button-text"
                >
                  30 Days
                </span>
              </button>
              <button
                class="btn btn-default btn-md gl-button"
                type="button"
              >
                <span
                  class="gl-button-text"
                >
                  60 Days
                </span>
              </button>
              <button
                class="btn btn-default btn-md gl-button"
                type="button"
              >
                <span
                  class="gl-button-text"
                >
                  90 Days
                </span>
              </button>
            </div>
          </div>
        </header>
        <div
          aria-label="Loading"
          class="gl-my-12 gl-spinner-container"
          role="status"
        >
          <span
            class="!gl-align-text-bottom gl-spinner gl-spinner-dark gl-spinner-lg"
          />
        </div>
      </section>
      <section
        class="gl-border-1 gl-border-default gl-border-solid gl-flex gl-flex-col gl-rounded-base"
      >
        <header
          class="gl-p-5"
        >
          <h4
            class="gl-mb-3 gl-mt-0"
            data-testid="title"
          >
            Project security status
          </h4>
          <p
            class="gl-m-0 gl-text-subtle"
            data-testid="help-text"
          />
        </header>
        <div
          aria-label="Loading"
          class="gl-my-12 gl-spinner-container"
          role="status"
        >
          <span
            class="!gl-align-text-bottom gl-spinner gl-spinner-dark gl-spinner-lg"
          />
        </div>
      </section>
    </div>
  </div>
</div>
`;

exports[`Security Dashboard default states sets up instance-level 1`] = `
<div>
  <div>
    <h2
      class="gl-mb-6"
    >
      Security dashboard
    </h2>
    <div
      class="gl-grid security-charts"
    >
      <section
        class="gl-border-1 gl-border-default gl-border-solid gl-flex gl-flex-col gl-rounded-base"
      >
        <header
          class="gl-p-5"
        >
          <h4
            class="gl-mb-3 gl-mt-0"
            data-testid="title"
          >
            Vulnerabilities over time
          </h4>
          <p
            class="gl-m-0 gl-text-subtle"
            data-testid="help-text"
          >
            June 6th to today
          </p>
          <div
            class="gl-mt-5"
            data-testid="controls"
          >
            <div
              class="btn-group gl-button-group gl-flex"
              role="group"
            >
              <button
                class="btn btn-default btn-md gl-button selected"
                type="button"
              >
                <span
                  class="gl-button-text"
                >
                  30 Days
                </span>
              </button>
              <button
                class="btn btn-default btn-md gl-button"
                type="button"
              >
                <span
                  class="gl-button-text"
                >
                  60 Days
                </span>
              </button>
              <button
                class="btn btn-default btn-md gl-button"
                type="button"
              >
                <span
                  class="gl-button-text"
                >
                  90 Days
                </span>
              </button>
            </div>
          </div>
        </header>
        <div
          aria-label="Loading"
          class="gl-my-12 gl-spinner-container"
          role="status"
        >
          <span
            class="!gl-align-text-bottom gl-spinner gl-spinner-dark gl-spinner-lg"
          />
        </div>
      </section>
      <section
        class="gl-border-1 gl-border-default gl-border-solid gl-flex gl-flex-col gl-rounded-base"
      >
        <header
          class="gl-p-5"
        >
          <h4
            class="gl-mb-3 gl-mt-0"
            data-testid="title"
          >
            Project security status
          </h4>
          <p
            class="gl-m-0 gl-text-subtle"
            data-testid="help-text"
          />
        </header>
        <div
          aria-label="Loading"
          class="gl-my-12 gl-spinner-container"
          role="status"
        >
          <span
            class="!gl-align-text-bottom gl-spinner gl-spinner-dark gl-spinner-lg"
          />
        </div>
      </section>
    </div>
  </div>
</div>
`;

exports[`Security Dashboard error states has unavailable pages 1`] = `
<div>
  <section
    class="gl-empty-state gl-flex gl-flex-col gl-text-center"
  >
    <div
      class="gl-max-w-full"
    >
      <img
        alt=""
        class="gl-dark-invert-keep-hue gl-max-w-full"
        src="/test/empty_state.svg"
      />
    </div>
    <div
      class="gl-empty-state-content gl-m-auto gl-mx-auto gl-my-0 gl-p-5"
      data-testid="gl-empty-state-content"
    >
      <h1
        class="gl-leading-36 gl-mb-0 gl-mt-0 gl-text-size-h-display h4"
      >
        Oops, something doesn't seem right.
      </h1>
      <p
        class="gl-mb-0 gl-mt-4 gl-text-subtle"
      >
        Either you don't have permission to view this dashboard or the dashboard has not been setup. Please check your permission settings with your administrator or check your dashboard configurations to proceed.
      </p>
      <div
        class="gl-flex gl-flex-wrap gl-justify-center gl-mt-5"
      >
        <a
          class="btn btn-confirm btn-md gl-button gl-mb-3 gl-mx-2"
          href="/help/user/application_security/configuration/_index"
        >
          <span
            class="gl-button-text"
          >
            Learn more about setting up your dashboard
          </span>
        </a>
      </div>
    </div>
  </section>
</div>
`;
