// Jest Snapshot v1, https://goo.gl/fbAQLP

exports[`SubscriptionUserList renders table content renders the correct data 1`] = `
[
  {
    "email": "administrator@email.com",
    "lastActivityOn": "2020-03-01",
    "lastLoginAt": "2022-11-10 10:58:05",
    "removeUserButtonExists": true,
    "tooltip": undefined,
  },
  {
    "email": "agustin_walker@email.com",
    "lastActivityOn": "2020-03-01",
    "lastLoginAt": "2021-01-20 10:58:05",
    "removeUserButtonExists": true,
    "tooltip": undefined,
  },
  {
    "email": "Private",
    "lastActivityOn": "Never",
    "lastLoginAt": "Never",
    "removeUserButtonExists": true,
    "tooltip": "An email address is only visible for users with public emails.",
  },
  {
    "email": "jdoe@email.com",
    "lastActivityOn": "Never",
    "lastLoginAt": "Never",
    "removeUserButtonExists": true,
    "tooltip": undefined,
  },
  {
    "email": "jsnow@email.com",
    "lastActivityOn": "2020-03-01",
    "lastLoginAt": "Never",
    "removeUserButtonExists": true,
    "tooltip": undefined,
  },
  {
    "email": "current_user@email.com",
    "lastActivityOn": "2020-03-01",
    "lastLoginAt": "Never",
    "removeUserButtonExists": true,
    "tooltip": undefined,
  },
]
`;
